// Jest Snapshot v1, https://goo.gl/fbAQLP

exports[`NoMatch matches component snapshot 1`] = `
<main
  className="light"
/>
`;
