// Jest Snapshot v1, https://goo.gl/fbAQLP

exports[`Html matches component snapshot 1`] = `
<html
  lang="en"
>
  <head>
    <meta
      charSet="utf-8"
    />
    <title />
    <meta
      content=""
      name="description"
    />
    <meta
      content="width=device-width, initial-scale=1"
      name="viewport"
    />
    <link
      href="/static/apple-touch-icon.png"
      rel="apple-touch-icon"
      sizes="180x180"
    />
    <link
      href="/static/favicon-32x32.png"
      rel="icon"
      sizes="32x32"
      type="image/png"
    />
    <link
      href="/static/favicon-16x16.png"
      rel="icon"
      sizes="16x16"
      type="image/png"
    />
  </head>
  <body>
    <div
      id="app"
    >
      <div />
    </div>
  </body>
</html>
`;
